// Jest Snapshot v1, https://goo.gl/fbAQLP

exports[`Greet renders properly. 1`] = `"<h1>Hello, World.</h1>"`;
